  Generating the build script.
  Reading the asset graph.
  Checking for updates.
  Updating the asset graph.
  Building, incremental build.
  0s riverpod_generator on 66 inputs; lib/app.dart
  0s riverpod_generator on 66 inputs: 1 skipped; lib/core/constants/app_constants.dart
  0s riverpod_generator on 66 inputs: 66 skipped
  0s freezed on 66 inputs; lib/app.dart
  0s freezed on 66 inputs: 66 skipped
  0s json_serializable on 132 inputs; lib/app.dart
  0s json_serializable on 132 inputs: 132 skipped
  0s source_gen:combining_builder on 132 inputs; lib/app.dart
  0s source_gen:combining_builder on 132 inputs: 132 skipped
  Running the post build.
  Writing the asset graph.
E riverpod_generator on lib/features/auth/data/datasources/firebase_auth_datasource.dart:
  78:6: Expected a class member.
  78:7: Expected a class member.
  94:1: Expected a method, getter, setter or operator declaration.
E freezed on lib/features/auth/data/datasources/firebase_auth_datasource.dart:
  78:6: Expected a class member.
  78:7: Expected a class member.
  94:1: Expected a method, getter, setter or operator declaration.
E json_serializable on lib/features/auth/data/datasources/firebase_auth_datasource.dart:
  78:6: Expected a class member.
  78:7: Expected a class member.
  94:1: Expected a method, getter, setter or operator declaration.
  Failed to build with build_runner in 2s; wrote 0 outputs.
flutter : Failed to 
update packages.
At line:1 char:1
+ flutter pub run 
build_runner build --d
elete-conflicting-outp
uts > bui ...
+ ~~~~~~~~~~~~~~~~~~~~
~~~~~~~~~~~~~~~~~~~~~~
~~~~~~~~~~~~~~~~~~~~~~
~~~~~
    + CategoryInfo    
          : NotSpeci  
  fied: (Failed to    
 update packages.:    
String) [], Remot    
eException
    + FullyQualifiedE 
   rrorId : NativeCo  
  mmandError
 
